******************************************************************************
             TMS320C2000 Linker PC v5.1.1                      
******************************************************************************
>> Linked Tue Dec 16 14:30:03 2008

OUTPUT FILE NAME:   <./Debug/koguryo_mouse.out>
ENTRY POINT SYMBOL: "_c_int00"  address: 003ed92a


MEMORY CONFIGURATION

         name            origin    length      used     unused   attr    fill
----------------------  --------  ---------  --------  --------  ----  --------
PAGE 0:
  _RSIDEEDGE            00000600   0000000a  0000000a  00000000  RWIX
  _LSIDEEDGE            0000060a   0000000a  0000000a  00000000  RWIX
  _RDIAGEDGE            00000614   0000000a  0000000a  00000000  RWIX
  _LDIAGEDGE            0000061e   0000000a  0000000a  00000000  RWIX
  RAMM1                 00000628   000001d8  000001c8  00000010  RWIX
  RAML_H                000080b4   00003f4c  00002dc7  00001185  RWIX
  OTP                   003d7800   00000400  00000000  00000400  R  X
  BEGIN                 003e8000   00000002  00000002  00000000  R  X
  USERFLASH             003e8002   0000bff0  0000726d  00004d83  R  X
  MONITOR               003f4000   00003f80  00000000  00003f80  R  X
  ROM                   003ff000   00000fc0  00000b50  00000470  R  X
  RESET                 003fffc0   00000002  00000000  00000002  R   
  VECTORS               003fffc2   0000003e  00000000  0000003e  R   

PAGE 1:
  RAMM0                 00000000   00000600  00000600  00000000  RWIX
  DEV_EMU               00000880   00000180  000000d0  000000b0  RWIX
  FLASH_REGS            00000a80   00000060  00000008  00000058  RWIX
  CSM                   00000ae0   00000010  00000010  00000000  RWIX
  ADC_MIRROR            00000b00   00000010  00000010  00000000  RWIX
  CPU_TIMER0            00000c00   00000008  00000008  00000000  RWIX
  CPU_TIMER1            00000c08   00000008  00000008  00000000  RWIX
  CPU_TIMER2            00000c10   00000008  00000008  00000000  RWIX
  PIE_CTRL              00000ce0   00000020  0000001a  00000006  RWIX
  PIE_VECT              00000d00   00000100  00000100  00000000  RWIX
  ECANA                 00006000   00000040  00000034  0000000c  RWIX
  ECANA_LAM             00006040   00000040  00000040  00000000  RWIX
  ECANA_MOTS            00006080   00000040  00000040  00000000  RWIX
  ECANA_MOTO            000060c0   00000040  00000040  00000000  RWIX
  ECANA_MBOX            00006100   00000100  00000100  00000000  RWIX
  ECANB                 00006200   00000040  00000034  0000000c  RWIX
  ECANB_LAM             00006240   00000040  00000040  00000000  RWIX
  ECANB_MOTS            00006280   00000040  00000040  00000000  RWIX
  ECANB_MOTO            000062c0   00000040  00000040  00000000  RWIX
  ECANB_MBOX            00006300   00000100  00000100  00000000  RWIX
  EPWM1                 00006800   00000022  00000022  00000000  RWIX
  EPWM2                 00006840   00000022  00000022  00000000  RWIX
  EPWM3                 00006880   00000022  00000022  00000000  RWIX
  EPWM4                 000068c0   00000022  00000022  00000000  RWIX
  EPWM5                 00006900   00000022  00000022  00000000  RWIX
  EPWM6                 00006940   00000022  00000022  00000000  RWIX
  ECAP1                 00006a00   00000020  00000020  00000000  RWIX
  ECAP2                 00006a20   00000020  00000020  00000000  RWIX
  ECAP3                 00006a40   00000020  00000020  00000000  RWIX
  ECAP4                 00006a60   00000020  00000020  00000000  RWIX
  EQEP1                 00006b00   00000040  00000040  00000000  RWIX
  EQEP2                 00006b40   00000040  00000040  00000000  RWIX
  GPIOCTRL              00006f80   00000040  00000040  00000000  RWIX
  GPIODAT               00006fc0   00000020  00000020  00000000  RWIX
  GPIOINT               00006fe0   00000020  0000000a  00000016  RWIX
  SYSTEM                00007010   00000020  00000020  00000000  RWIX
  SPIA                  00007040   00000010  00000010  00000000  RWIX
  SCIA                  00007050   00000010  00000010  00000000  RWIX
  XINTRUPT              00007070   00000010  00000010  00000000  RWIX
  ADC                   00007100   00000020  0000001e  00000002  RWIX
  SPIB                  00007740   00000010  00000010  00000000  RWIX
  SCIB                  00007750   00000010  00000010  00000000  RWIX
  SPIC                  00007760   00000010  00000010  00000000  RWIX
  SPID                  00007780   00000010  00000010  00000000  RWIX
  I2CA                  00007900   00000040  00000022  0000001e  RWIX
  _INF_LED              00008000   000000b4  000000b4  00000000  RWIX
  CSM_PWL               003f7ff8   00000008  00000008  00000000  RWIX


SECTION ALLOCATION MAP

 output                                  attributes/
section   page    origin      length       input sections
--------  ----  ----------  ----------   ----------------
.pinit     0    003e8002    00000000     UNINITIALIZED

RSIDEEDGE 
*          0    00000600    0000000a     UNINITIALIZED
                  00000600    0000000a     algo.obj (RSIDEEDGE)

LSIDEEDGE 
*          0    0000060a    0000000a     UNINITIALIZED
                  0000060a    0000000a     algo.obj (LSIDEEDGE)

RDIAGEDGE 
*          0    00000614    0000000a     UNINITIALIZED
                  00000614    0000000a     algo.obj (RDIAGEDGE)

LDIAGEDGE 
*          0    0000061e    0000000a     UNINITIALIZED
                  0000061e    0000000a     algo.obj (LDIAGEDGE)

.ebss      0    000080b4    00002309     UNINITIALIZED
                  000080b4    00000008     rts2800_ml.lib : farmemory.obj (.ebss)
                  000080bc    00000004                    : _lock.obj (.ebss)
                  000080c0    000022f8     algo.obj (.ebss)
                  0000a3b8    00000004     rts2800_ml.lib : exit.obj (.ebss)
                  0000a3bc    00000001                    : errno.obj (.ebss)

.esysmem   0    0000a3be    00000700     UNINITIALIZED
                  0000a3be    00000700     --HOLE--

codestart 
*          0    003e8000    00000002     
                  003e8000    00000002     DSP280x_CodeStartBranch.obj (codestart)

ramfuncs0 
*          0    003e8002    000001c8     RUN ADDR = 00000628
                  003e8002    000001c4     algo.obj (ramfuncs0)
                  003e81c6    00000004     DSP280x_usDelay.obj (ramfuncs0)

.text      0    003e81ca    00005ac4     
                  003e81ca    00004669     algo.obj (.text)
                  003ec833    0000089c     rts2800_ml.lib : _printfi.obj (.text)
                  003ed0cf    000001fb                    : farmemory.obj (.text)
                  003ed2ca    0000015c                    : strtod.obj (.text)
                  003ed426    00000107                    : ll_div.obj (.text)
                  003ed52d    000000ae                    : acos.obj (.text)
                  003ed5db    0000009c                    : fd_add.obj (.text)
                  003ed677    0000008b                    : fd_div.obj (.text)
                  003ed702    00000083                    : fd_mpy.obj (.text)
                  003ed785    00000083                    : fs_div.obj (.text)
                  003ed808    00000078                    : fs_add.obj (.text)
                  003ed880    0000005a                    : fs_mpy.obj (.text)
                  003ed8da    00000050                    : sqrt.obj (.text)
                  003ed92a    00000044                    : boot.obj (.text)
                  003ed96e    00000041                    : ldexp.obj (.text)
                  003ed9af    0000003a                    : atol.obj (.text)
                  003ed9e9    00000031                    : atoi.obj (.text)
                  003eda1a    0000002e                    : ltoa.obj (.text)
                  003eda48    0000002e                    : vsprintf.obj (.text)
                  003eda76    0000002a                    : fd_cmp.obj (.text)
                  003edaa0    0000002a                    : l_div.obj (.text)
                  003edaca    00000029                    : fs_tol.obj (.text)
                  003edaf3    00000022                    : i_div.obj (.text)
                  003edb15    00000021                    : fd_toi.obj (.text)
                  003edb36    00000021                    : memcpy_ff.obj (.text)
                  003edb57    0000001f                    : fd_tol.obj (.text)
                  003edb76    0000001e                    : ll_cmp.obj (.text)
                  003edb94    0000001c                    : fs_tofd.obj (.text)
                  003edbb0    0000001c                    : l_tofd.obj (.text)
                  003edbcc    0000001b                    : args_main.obj (.text)
                  003edbe7    00000019                    : exit.obj (.text)
                  003edc00    00000017                    : fs_cmp.obj (.text)
                  003edc17    00000014                    : ll_mpy.obj (.text)
                  003edc2b    00000012                    : memccpy.obj (.text)
                  003edc3d    0000000e                    : fd_sub.obj (.text)
                  003edc4b    0000000a                    : strcmp.obj (.text)
                  003edc55    0000000a                    : strlen.obj (.text)
                  003edc5f    00000009                    : _lock.obj (.text)
                  003edc68    00000009                    : fd_neg.obj (.text)
                  003edc71    00000009                    : strcpy.obj (.text)
                  003edc7a    00000008     DSP280x_CodeStartBranch.obj (.text)
                  003edc82    00000007     rts2800_ml.lib : memset.obj (.text)
                  003edc89    00000005                    : fs_neg.obj (.text)

ramfuncs1 
*          0    003edc8e    000003be     RUN ADDR = 0000aabe
                  003edc8e    000003be     algo.obj (ramfuncs1)

.econst    0    003ee04c    00000df6     
                  003ee04c    00000635     algo.obj (.econst:.string)
                  003ee681    00000280     algo.obj (.econst:_FontData)
                  003ee901    00000001     --HOLE-- [fill = 0]
                  003ee902    00000108     algo.obj (.econst)
                  003eea0a    00000101     rts2800_ml.lib : ctype.obj (.econst:__ctypes_)
                  003eeb0b    000000dc     algo.obj (.econst:_PathState)
                  003eebe7    000000dc     algo.obj (.econst:_TurnStr)
                  003eecc3    00000069     algo.obj (.econst:_MenuString)
                  003eed2c    0000004b     algo.obj (.econst:_sEDGE)
                  003eed77    00000046     algo.obj (.econst:_sSEN)
                  003eedbd    00000001     --HOLE-- [fill = 0]
                  003eedbe    00000024     rts2800_ml.lib : _printfi.obj (.econst:.string)
                  003eede2    00000018                    : _printfi.obj (.econst)
                  003eedfa    00000014                    : strtod.obj (.econst:_digits)
                  003eee0e    0000000c                    : strtod.obj (.econst:_powerof10)
                  003eee1a    00000008     algo.obj (.econst:_$P$T0$3$17)
                  003eee22    00000008     algo.obj (.econst:_$P$T1$4$17)
                  003eee2a    00000008     algo.obj (.econst:_$P$T2$5$17)
                  003eee32    00000008     algo.obj (.econst:_$P$T3$6$17)
                  003eee3a    00000004     rts2800_ml.lib : acos.obj (.econst:_b$1)
                  003eee3e    00000004                    : acos.obj (.econst:_c$2)

IQmath     0    003eee42    00000268     
                  003eee42    00000047     IQmath.lib : IQ12div.obj (IQmath)
                  003eee89    00000047                : IQ19div.obj (IQmath)
                  003eeed0    00000047                : IQ22div.obj (IQmath)
                  003eef17    00000047                : IQ23div.obj (IQmath)
                  003eef5e    00000047                : IQ6div.obj (IQmath)
                  003eefa5    00000042                : IQ19sqrt.obj (IQmath)
                  003eefe7    00000042                : IQ6sqrt.obj (IQmath)
                  003ef029    00000014                : IQ12toF.obj (IQmath)
                  003ef03d    00000014                : IQ15toF.obj (IQmath)
                  003ef051    00000014                : IQ17toF.obj (IQmath)
                  003ef065    00000014                : IQ19toF.obj (IQmath)
                  003ef079    00000014                : IQ20toF.obj (IQmath)
                  003ef08d    00000014                : IQ23toF.obj (IQmath)
                  003ef0a1    00000009                : IQ19int.obj (IQmath)

.cinit     0    003ef0aa    000001c5     
                  003ef0aa    000001a7     algo.obj (.cinit)
                  003ef251    0000000a     rts2800_ml.lib : _lock.obj (.cinit)
                  003ef25b    0000000a                    : exit.obj (.cinit)
                  003ef265    00000004                    : errno.obj (.cinit)
                  003ef269    00000004                    : farmemory.obj (.cinit)
                  003ef26d    00000002     --HOLE-- [fill = 0]

IQmathTables 
*          0    003ff000    00000b50     NOLOAD SECTION
                  003ff000    00000b50     IQmath.lib : IQmathTables.obj (IQmathTables)

.reset     0    003fffc0    00000002     DSECT
                  003fffc0    00000002     rts2800_ml.lib : boot.obj (.reset)

vectors    0    003fffc2    00000000     DSECT

.stack     1    00000000    00000600     UNINITIALIZED
                  00000000    00000600     --HOLE--

DevEmuRegsFile 
*          1    00000880    000000d0     UNINITIALIZED
                  00000880    000000d0     algo.obj (DevEmuRegsFile)

FlashRegsFile 
*          1    00000a80    00000008     UNINITIALIZED
                  00000a80    00000008     algo.obj (FlashRegsFile)

CsmRegsFile 
*          1    00000ae0    00000010     UNINITIALIZED
                  00000ae0    00000010     algo.obj (CsmRegsFile)

AdcMirrorFile 
*          1    00000b00    00000010     UNINITIALIZED
                  00000b00    00000010     algo.obj (AdcMirrorFile)

CpuTimer0RegsFile 
*          1    00000c00    00000008     UNINITIALIZED
                  00000c00    00000008     algo.obj (CpuTimer0RegsFile)

CpuTimer1RegsFile 
*          1    00000c08    00000008     UNINITIALIZED
                  00000c08    00000008     algo.obj (CpuTimer1RegsFile)

CpuTimer2RegsFile 
*          1    00000c10    00000008     UNINITIALIZED
                  00000c10    00000008     algo.obj (CpuTimer2RegsFile)

PieCtrlRegsFile 
*          1    00000ce0    0000001a     UNINITIALIZED
                  00000ce0    0000001a     algo.obj (PieCtrlRegsFile)

PieVectTableFile 
*          1    00000d00    00000100     UNINITIALIZED
                  00000d00    00000100     algo.obj (PieVectTableFile)

ECanaRegsFile 
*          1    00006000    00000034     UNINITIALIZED
                  00006000    00000034     algo.obj (ECanaRegsFile)

ECanaLAMRegsFile 
*          1    00006040    00000040     UNINITIALIZED
                  00006040    00000040     algo.obj (ECanaLAMRegsFile)

ECanaMOTSRegsFile 
*          1    00006080    00000040     UNINITIALIZED
                  00006080    00000040     algo.obj (ECanaMOTSRegsFile)

ECanaMOTORegsFile 
*          1    000060c0    00000040     UNINITIALIZED
                  000060c0    00000040     algo.obj (ECanaMOTORegsFile)

ECanaMboxesFile 
*          1    00006100    00000100     UNINITIALIZED
                  00006100    00000100     algo.obj (ECanaMboxesFile)

ECanbRegsFile 
*          1    00006200    00000034     UNINITIALIZED
                  00006200    00000034     algo.obj (ECanbRegsFile)

ECanbLAMRegsFile 
*          1    00006240    00000040     UNINITIALIZED
                  00006240    00000040     algo.obj (ECanbLAMRegsFile)

ECanbMOTSRegsFile 
*          1    00006280    00000040     UNINITIALIZED
                  00006280    00000040     algo.obj (ECanbMOTSRegsFile)

ECanbMOTORegsFile 
*          1    000062c0    00000040     UNINITIALIZED
                  000062c0    00000040     algo.obj (ECanbMOTORegsFile)

ECanbMboxesFile 
*          1    00006300    00000100     UNINITIALIZED
                  00006300    00000100     algo.obj (ECanbMboxesFile)

EPwm1RegsFile 
*          1    00006800    00000022     UNINITIALIZED
                  00006800    00000022     algo.obj (EPwm1RegsFile)

EPwm2RegsFile 
*          1    00006840    00000022     UNINITIALIZED
                  00006840    00000022     algo.obj (EPwm2RegsFile)

EPwm3RegsFile 
*          1    00006880    00000022     UNINITIALIZED
                  00006880    00000022     algo.obj (EPwm3RegsFile)

EPwm4RegsFile 
*          1    000068c0    00000022     UNINITIALIZED
                  000068c0    00000022     algo.obj (EPwm4RegsFile)

EPwm5RegsFile 
*          1    00006900    00000022     UNINITIALIZED
                  00006900    00000022     algo.obj (EPwm5RegsFile)

EPwm6RegsFile 
*          1    00006940    00000022     UNINITIALIZED
                  00006940    00000022     algo.obj (EPwm6RegsFile)

ECap1RegsFile 
*          1    00006a00    00000020     UNINITIALIZED
                  00006a00    00000020     algo.obj (ECap1RegsFile)

ECap2RegsFile 
*          1    00006a20    00000020     UNINITIALIZED
                  00006a20    00000020     algo.obj (ECap2RegsFile)

ECap3RegsFile 
*          1    00006a40    00000020     UNINITIALIZED
                  00006a40    00000020     algo.obj (ECap3RegsFile)

ECap4RegsFile 
*          1    00006a60    00000020     UNINITIALIZED
                  00006a60    00000020     algo.obj (ECap4RegsFile)

EQep1RegsFile 
*          1    00006b00    00000040     UNINITIALIZED
                  00006b00    00000040     algo.obj (EQep1RegsFile)

EQep2RegsFile 
*          1    00006b40    00000040     UNINITIALIZED
                  00006b40    00000040     algo.obj (EQep2RegsFile)

GpioCtrlRegsFile 
*          1    00006f80    00000040     UNINITIALIZED
                  00006f80    00000040     algo.obj (GpioCtrlRegsFile)

GpioDataRegsFile 
*          1    00006fc0    00000020     UNINITIALIZED
                  00006fc0    00000020     algo.obj (GpioDataRegsFile)

GpioIntRegsFile 
*          1    00006fe0    0000000a     UNINITIALIZED
                  00006fe0    0000000a     algo.obj (GpioIntRegsFile)

SysCtrlRegsFile 
*          1    00007010    00000020     UNINITIALIZED
                  00007010    00000020     algo.obj (SysCtrlRegsFile)

SpiaRegsFile 
*          1    00007040    00000010     UNINITIALIZED
                  00007040    00000010     algo.obj (SpiaRegsFile)

SciaRegsFile 
*          1    00007050    00000010     UNINITIALIZED
                  00007050    00000010     algo.obj (SciaRegsFile)

XIntruptRegsFile 
*          1    00007070    00000010     UNINITIALIZED
                  00007070    00000010     algo.obj (XIntruptRegsFile)

AdcRegsFile 
*          1    00007100    0000001e     UNINITIALIZED
                  00007100    0000001e     algo.obj (AdcRegsFile)

SpibRegsFile 
*          1    00007740    00000010     UNINITIALIZED
                  00007740    00000010     algo.obj (SpibRegsFile)

ScibRegsFile 
*          1    00007750    00000010     UNINITIALIZED
                  00007750    00000010     algo.obj (ScibRegsFile)

SpicRegsFile 
*          1    00007760    00000010     UNINITIALIZED
                  00007760    00000010     algo.obj (SpicRegsFile)

SpidRegsFile 
*          1    00007780    00000010     UNINITIALIZED
                  00007780    00000010     algo.obj (SpidRegsFile)

I2caRegsFile 
*          1    00007900    00000022     UNINITIALIZED
                  00007900    00000022     algo.obj (I2caRegsFile)

INF_LED    1    00008000    000000b4     UNINITIALIZED
                  00008000    000000b4     algo.obj (INF_LED)

CsmPwlFile 
*          1    003f7ff8    00000008     UNINITIALIZED
                  003f7ff8    00000008     algo.obj (CsmPwlFile)


GLOBAL SYMBOLS: SORTED ALPHABETICALLY BY Name 

address    name
--------   ----
003e81ca   .text
003edbe7   C$$EXIT
003ed5db   FD$$ADD
003eda76   FD$$CMP
003ed677   FD$$DIV
003ed702   FD$$MPY
003edc68   FD$$NEG
003edc3d   FD$$SUB
003edb15   FD$$TOI
003edb57   FD$$TOL
003ed80d   FS$$ADD
003edc00   FS$$CMP
003ed785   FS$$DIV
003ed880   FS$$MPY
003edc89   FS$$NEG
003ed808   FS$$SUB
003edb94   FS$$TOFD
003edaca   FS$$TOL
003edaf3   I$$DIV
003edb04   I$$MOD
003edaa0   L$$DIV
003edaaf   L$$MOD
003edbb0   L$$TOFD
003edb76   LL$$CMP
003ed426   LL$$DIV
003ed462   LL$$MOD
003edc17   LL$$MPY
003edabd   UL$$DIV
003edac4   UL$$MOD
003edb88   ULL$$CMP
003ed49c   ULL$$DIV
003ed4cb   ULL$$MOD
003ec82d   _ADCINT_ISR
00000b00   _AdcMirror
00007100   _AdcRegs
003e8cca   _Algorithm
003e96a8   _BackTurn
003eb8ec   _BattCheck
003e9bed   _BlockStraight
003ea33b   _BurnUserVar
003e8a8c   _Buzz
003e89d6   _CallUserVar
003e8aa0   _Click
003e8ef5   _CobraTurn45_135Out
003e833c   _ConfigCpuTimer
00008174   _CpuTimer0
00000c00   _CpuTimer0Regs
0000815c   _CpuTimer1
00000c08   _CpuTimer1Regs
00000c10   _CpuTimer2Regs
003f7ff8   _CsmPwl
00000ae0   _CsmRegs
003ec827   _DATALOG_ISR
000007ec   _DSP28x_usDelay
000006b4   _DelSearchQueueList
003e8a84   _Delay
00000880   _DevEmuRegs
003e94f6   _Diag180Turn
003e9355   _Diag45_135TurnIn
003e91b2   _Diag45_135TurnOut
003e901a   _Diag90Turn
003e8b93   _DiagBlockRun
003ec01f   _DiagEdgeCheck
000081c0   _DiagWeight
00008196   _DirectWeight
003e81d0   _DisableDog
003ec821   _ECAN0INTA_ISR
003ec81b   _ECAN0INTB_ISR
003ec815   _ECAN1INTA_ISR
003ec80f   _ECAN1INTB_ISR
003ec809   _ECAP1_INT_ISR
003ec803   _ECAP2_INT_ISR
003ec7fd   _ECAP3_INT_ISR
003ec7f7   _ECAP4_INT_ISR
00006040   _ECanaLAMRegs
000060c0   _ECanaMOTORegs
00006080   _ECanaMOTSRegs
00006100   _ECanaMboxes
00006000   _ECanaRegs
00006240   _ECanbLAMRegs
000062c0   _ECanbMOTORegs
00006280   _ECanbMOTSRegs
00006300   _ECanbMboxes
00006200   _ECanbRegs
00006a00   _ECap1Regs
00006a20   _ECap2Regs
00006a40   _ECap3Regs
00006a60   _ECap4Regs
003ec7f2   _EMPTY_ISR
003ec7ec   _EMUINT_ISR
003ec7e6   _EPWM1_INT_ISR
003ec7e0   _EPWM1_TZINT_ISR
003ec7da   _EPWM2_INT_ISR
003ec7d4   _EPWM2_TZINT_ISR
003ec7ce   _EPWM3_INT_ISR
003ec7c8   _EPWM3_TZINT_ISR
003ec7c2   _EPWM4_INT_ISR
003ec7bc   _EPWM4_TZINT_ISR
003ec7b6   _EPWM5_INT_ISR
003ec7b0   _EPWM5_TZINT_ISR
003ec7aa   _EPWM6_INT_ISR
003ec7a4   _EPWM6_TZINT_ISR
00006880   _EPwm3Regs
000068c0   _EPwm4Regs
00006900   _EPwm5Regs
00006940   _EPwm6Regs
003ec79e   _EQEP1_INT_ISR
003ec798   _EQEP2_INT_ISR
003ebf66   _EdgeCheck
003ec78f   _EnableInterrupts
00008120   _EndPos
00000a80   _FlashRegs
003ee681   _FontData
003eaaeb   _FrontSensorSet
003e85af   _FrontSensorValueCall
003ebbf2   _FrontSensorValueToDisTable
003eb356   _FullRun
00006f80   _GpioCtrlRegs
00006fc0   _GpioDataRegs
00006fe0   _GpioIntRegs
00008180   _GyroVar
003ec789   _I2CINT1A_ISR
003ec783   _I2CINT2A_ISR
00007900   _I2caRegs
003ec77d   _ILLEGAL_ISR
003ec777   _INT14_ISR
003ffad8   _IQ10mpyRndSatTable
003ffacc   _IQ11mpyRndSatTable
003ffac0   _IQ12mpyRndSatTable
003ffab4   _IQ13mpyRndSatTable
003ffaa8   _IQ14mpyRndSatTable
003ffa9c   _IQ15mpyRndSatTable
003ffa90   _IQ16mpyRndSatTable
003ffa84   _IQ17mpyRndSatTable
003ffa78   _IQ18mpyRndSatTable
003ffa6c   _IQ19mpyRndSatTable
003ffb44   _IQ1mpyRndSatTable
003ffa60   _IQ20mpyRndSatTable
003ffa54   _IQ21mpyRndSatTable
003ffa48   _IQ22mpyRndSatTable
003ffa3c   _IQ23mpyRndSatTable
003ffa30   _IQ24mpyRndSatTable
003ffa24   _IQ25mpyRndSatTable
003ffa18   _IQ26mpyRndSatTable
003ffa0c   _IQ27mpyRndSatTable
003ffa00   _IQ28mpyRndSatTable
003ff9f4   _IQ29mpyRndSatTable
003ffb38   _IQ2mpyRndSatTable
003ff9e8   _IQ30mpyRndSatTable
003ffb2c   _IQ3mpyRndSatTable
003ffb20   _IQ4mpyRndSatTable
003ffb14   _IQ5mpyRndSatTable
003ffb08   _IQ6mpyRndSatTable
003ffafc   _IQ7mpyRndSatTable
003ffaf0   _IQ8mpyRndSatTable
003ffae4   _IQ9mpyRndSatTable
003ff824   _IQatan2HalfPITable
003ff862   _IQatan2Table
003ff9e8   _IQatan2TableEnd
003ff100   _IQcosTable
003ff502   _IQcosTableEnd
003ff502   _IQdivRoundSatTable
003ff510   _IQdivTable
003ff712   _IQdivTableEnd
003ff712   _IQisqrtRoundSatTable
003ff722   _IQisqrtTable
003ff824   _IQisqrtTableEnd
003ff9e8   _IQmpyRndSatTable
003ffb50   _IQmpyRndSatTableEnd
003ff000   _IQsinTable
003ff400   _IQsinTableEnd
003ff712   _IQsqrtRoundSatTable
003ff722   _IQsqrtTable
003ff824   _IQsqrtTableEnd
003e8361   _InitAdc
003ead2f   _InitAlgorithm
003e899a   _InitAlgorithmVariable
003e8316   _InitCpuTimers
003e84b7   _InitEPWM
003e839a   _InitEQep
00000628   _InitFlash
003e8227   _InitGpio
003ea477   _InitGyroRefVolt
003e8497   _InitMotorVar
003e81fc   _InitPeripheralClocks
003e8259   _InitPieCtrl
003e8278   _InitPieVectTable
003e81d8   _InitPll
003e8375   _InitSci
003e897c   _InitSearchQueueList
003ead1c   _InitSearchStartVar
003e838b   _InitSpi
003e821f   _InitSysCtrl
003e89f1   _InitSystem
003e8c3f   _InitWeight
003e8405   _InitpMode
00000647   _InsertSearchQueueList
00008a80   _KnowBlockPath
0000aabe   _KnowBlockPathMake
0000061e   _LDiagEdge
0000060a   _LSideEdge
000083c0   _LeftMotor
00006800   _LeftPwmRegs
00006b00   _LeftQepRegs
00008122   _MapSearchQueueHead
003e8249   _MemCopy
003eb826   _MenuButton
003eecc3   _MenuString
00008200   _Mode
000080eb   _Mode0
000080f3   _Mode0Yet
000080ea   _Mode1
000080e8   _Mode1Yet
000080e2   _ModeSelect
003ec483   _MotorTimer1ISR
003e95ae   _MoveStop
003e8ac4   _MoveToMove
003ec47d   _NMI_ISR
003ec477   _PIE_RESERVED
003eeb0b   _PathState
00000ce0   _PieCtrlRegs
00000d00   _PieVectTable
003ee902   _PieVectTableInit
000006a1   _PopSearchQueueList
003ec0c6   _PositionAdjPIDCtl
003e894d   _PositionAdjustDiffVal
003ea218   _PositionVeiw
00000614   _RDiagEdge
00000600   _RSideEdge
003ebf60   _RTOSINT_ISR
003e81ca   _RamfuncsLoadEnd0
003ee04c   _RamfuncsLoadEnd1
003e8002   _RamfuncsLoadStart0
003edc8e   _RamfuncsLoadStart1
00000628   _RamfuncsRunStart0
0000aabe   _RamfuncsRunStart1
003e82ab   _ResetAngleVariable
003e82bd   _ResetEdgeVariable
003e828e   _ResetPositionVariable
003e8289   _ResetSensorVariable
003e8303   _ResetSystem
003e82dd   _ResetVariable
00008400   _RightMotor
00006840   _RightPwmRegs
00006b40   _RightQepRegs
003ead6d   _RunPathMake
003eb2b6   _S1100Run
003eb266   _S1220Run
003eb4e8   _S1300Run
003eb306   _S800Run
003ebf5a   _SCIRXINTA_ISR
003ebf54   _SCIRXINTB_ISR
003ebf4e   _SCITXINTA_ISR
003ebf48   _SCITXINTB_ISR
003ea530   _SCIx_RxChar
003e8584   _SCIx_TxChar
003e858a   _SCIx_TxString
003ebd0c   _SEQ1INT_ISR
003ebbec   _SEQ2INT_ISR
003ebbe6   _SPIRXINTA_ISR
003ebbe0   _SPIRXINTB_ISR
003ebbda   _SPIRXINTC_ISR
003ebbd4   _SPIRXINTD_ISR
003ebbce   _SPITXINTA_ISR
003ebbc8   _SPITXINTB_ISR
003ebbc2   _SPITXINTC_ISR
003ebbbc   _SPITXINTD_ISR
00007050   _SciaRegs
00007750   _ScibRegs
003eb538   _SearchMaze
003eb631   _SearchMazeLoop
003eaca4   _SearchTypeSelect
003eb3b7   _SecondRun
00008000   _Sen
0000814f   _SensorADCSEQ
00008149   _SensorShootSEQ
003ebb82   _SensorTimer0ISR
003ea0bb   _SensorValueVeiw
003ebb78   _ServiceDog
003e8449   _SetpPathFuntion
003e86a7   _SideSensorValueCall
003ea94b   _SiedSensorSet
003e99fd   _SmoothTurn
003ea35a   _SpeedEdit
003e8508   _SpiBusyOK
003e852e   _SpiReadRom
003e84f9   _SpiTx
003e9659   _SpiWriteRom
00007040   _SpiaRegs
00007740   _SpibRegs
00007760   _SpicRegs
00007780   _SpidRegs
003ea4b1   _StraightTest
00007010   _SysCtrlRegs
003e9edc   _TestView
003eb6c1   _TurnAdjust
00008500   _TurnCbrTable
003ea536   _TurnDataSet
003eb9d2   _TurnDataSet123
00008240   _TurnInErr
00008280   _TurnOutErr
003eebe7   _TurnStr
00008e80   _TurnTable
00008155   _TurnTableIndex
003e88f3   _TurnTableLoad
003e9ef2   _TurnTableLoadView
003e859e   _TxPrintf
003eb9cc   _USER10_ISR
003eb9c6   _USER11_ISR
003eb9c0   _USER12_ISR
003eb9ba   _USER1_ISR
003eb9b4   _USER2_ISR
003eb9ae   _USER3_ISR
003eb9a8   _USER4_ISR
003eb9a2   _USER5_ISR
003eb99c   _USER6_ISR
003eb996   _USER7_ISR
003eb990   _USER8_ISR
003eb98a   _USER9_ISR
003e88e2   _VFDPrintf
003e83c1   _VfdCtlRegInit
003e888b   _VfdDataLoad
003e83f0   _VfdInit
003eb984   _WAKEINT_ISR
003e8e8d   _WallCheck
0000818a   _WallTable
000006d3   _WriteMazeWeight
003eb97e   _XINT1_ISR
003eb978   _XINT2_ISR
00007070   _XIntruptRegs
003ea900   __2ndRunTableCall
00000700   __FAR_SYSMEM_SIZE
003eee42   __IQ12div
003ef029   __IQ12toF
003ef03d   __IQ15toF
003ef051   __IQ17toF
003eee89   __IQ19div
003ef0a1   __IQ19int
003eefa5   __IQ19sqrt
003ef065   __IQ19toF
003ef079   __IQ20toF
003eeed0   __IQ22div
003eef17   __IQ23div
003ef08d   __IQ23toF
003eef5e   __IQ6div
003eefe7   __IQ6sqrt
00000600   __STACK_SIZE
ffffffff   ___binit__
ffffffff   ___c_args__
003ef0aa   ___cinit__
003edc8e   ___etext__
003edb36   ___memcpy_ff
ffffffff   ___pinit__
003e81ca   ___text__
003edbcc   __args_main
0000a3b8   __cleanup_ptr
003eea0a   __ctypes_
0000a3ba   __dtors_ptr
0000a3be   __far_sys_memory
000080be   __lock
003edc67   __nop
003ecfcc   __printfi
003edc63   __register_lock
003edc5f   __register_unlock
00000000   __stack
000080bc   __unlock
003edbe7   _abort
003ed52d   _acos
003ed9e9   _atoi
003ed9af   _atol
003ed92a   _c_int00
0000a3bc   _errno
003edbe9   _exit
000080e5   _fSwichRight
000080e1   _fSwichTop
003ed2b0   _far_calloc
003ed2aa   _far_chkheap
003ed0cf   _far_free
003ed28e   _far_free_memory
003ed150   _far_malloc
003ed270   _far_max_free
003ed1ad   _far_memlcpy
003ed258   _far_memlmove
003ed125   _far_minit
003ed1b7   _far_realloc
000080ef   _gAlgoState
000080df   _gAngleAdjF
000080c9   _gBackTurnFrontAdjState
000080ca   _gBattVolt
000080f1   _gBlockRunException
000080ec   _gBlockToBlock
000080c8   _gDiagDirectAdjState
000080cc   _gDiagSpeedLimit
000080d2   _gDiagTurnOutAdjF
000080d4   _gDiagTurnOutLEdgeAdjF
000080d5   _gDiagTurnOutREdgeAdjF
00008112   _gDiffAdjCnt
000080cd   _gDirectSpeedLimit
000080cf   _gEdgeDiffAdjustFlag
000080c1   _gFisrtBlockDiagF
000080d3   _gFrontSensorPull
00008140   _gHeadTable
000080d8   _gJapanAlgo
000080c6   _gLPosWallF
00008c80   _gMapValue
00008680   _gMazeMap
00008780   _gMazeMapBackUp
00008580   _gMazeMapBackUp0
00008880   _gMazeMapBackUp1
00008980   _gMazeMapBackUp2
000080c2   _gMenuCnt
000080e6   _gMouseDir
000080c4   _gMouseHead
000080e4   _gMousePosition
000080e3   _gMouseYetDir
000080f2   _gMouseYetPosition
000080d7   _gMoveState
0000813c   _gMoveTable
000080de   _gNextBlockDir
000080f4   _gPathBufferHead
000080f0   _gPathWeightState
000080e0   _gPosAdjF
000080d9   _gRPosWallF
00008124   _gRunTime
000080ed   _gSearchEndState
000080c5   _gSearchType
000080ee   _gSecondRunGoal
000080c0   _gSensorChanel
000080dd   _gStopCount
000080c3   _gTurnState
0000811c   _gUserAccel
00008128   _gUserDiagAccel
000080dc   _gUserDiagAccelEdit
000080cb   _gUserDiagVelLimitEdit
0000811e   _gUserDirectAccel
000080da   _gUserDirectAccelEdit
000080db   _gUserDirectVelLimitEdit
000080ce   _gUserSpeed
000080d1   _gUserSpeedBackup
00008134   _gUserTimeCnt
000080d0   _gUserTurnSpeed
000080c7   _gUserTurnSpeedBackup
003ed96e   _ldexp
003eda1a   _ltoa
003eb915   _main
003edc2b   _memccpy
003edc82   _memset
000080f6   _pLDS
00008108   _pLFS
000080fa   _pLSS
00008440   _pPathFuntion
000080fc   _pRDS
00008106   _pRFS
000080f8   _pRSS
0000810a   _pTurnCbrTable
0000810c   _pTurnTable
00008102   _q13GyroAngle
0000813a   _q18AngleDerivativeTerm
0000816c   _q18AngleErr
0000812c   _q18AngleErrSum
00008138   _q18AngleIntegralTerm
0000812a   _q18AnglePidOutTerm
0000812e   _q18AngleProportionTerm
00008118   _q18PosDerivativeTerm
00008132   _q18PosIntegralTerm
00008136   _q18PosPidOutTerm
00008116   _q18PosProportionTerm
00008164   _q18PositionErr
00008126   _q18PositionErrSum
00008380   _q19LFSSection
00008100   _q19LeftPos
00008104   _q19Position
00008340   _q19RFSSection
00008130   _q19RightPos
000082c0   _q23LFSSectionDiff
00008300   _q23RFSSectionDiff
00008110   _q26PosAdjAccelRef
0000811a   _q26PosAdjDecelRef
00008114   _q30PosAdjAccelDiff
0000810e   _q30PosAdjDecelDiff
003e81ca   _rsvd_ISR
003eed2c   _sEDGE
003eed77   _sSEN
003ed8da   _sqrt
003edc4b   _strcmp
003edc71   _strcpy
003edc55   _strlen
003ed2ca   _strtod
00009800   _test
003eda48   _vsprintf
ffffffff   binit
003ef0aa   cinit
003e8000   code_start
003edc8e   etext
ffffffff   pinit


GLOBAL SYMBOLS: SORTED BY Symbol Address 

address    name
--------   ----
00000000   __stack
00000600   _RSideEdge
00000600   __STACK_SIZE
0000060a   _LSideEdge
00000614   _RDiagEdge
0000061e   _LDiagEdge
00000628   _InitFlash
00000628   _RamfuncsRunStart0
00000647   _InsertSearchQueueList
000006a1   _PopSearchQueueList
000006b4   _DelSearchQueueList
000006d3   _WriteMazeWeight
00000700   __FAR_SYSMEM_SIZE
000007ec   _DSP28x_usDelay
00000880   _DevEmuRegs
00000a80   _FlashRegs
00000ae0   _CsmRegs
00000b00   _AdcMirror
00000c00   _CpuTimer0Regs
00000c08   _CpuTimer1Regs
00000c10   _CpuTimer2Regs
00000ce0   _PieCtrlRegs
00000d00   _PieVectTable
00006000   _ECanaRegs
00006040   _ECanaLAMRegs
00006080   _ECanaMOTSRegs
000060c0   _ECanaMOTORegs
00006100   _ECanaMboxes
00006200   _ECanbRegs
00006240   _ECanbLAMRegs
00006280   _ECanbMOTSRegs
000062c0   _ECanbMOTORegs
00006300   _ECanbMboxes
00006800   _LeftPwmRegs
00006840   _RightPwmRegs
00006880   _EPwm3Regs
000068c0   _EPwm4Regs
00006900   _EPwm5Regs
00006940   _EPwm6Regs
00006a00   _ECap1Regs
00006a20   _ECap2Regs
00006a40   _ECap3Regs
00006a60   _ECap4Regs
00006b00   _LeftQepRegs
00006b40   _RightQepRegs
00006f80   _GpioCtrlRegs
00006fc0   _GpioDataRegs
00006fe0   _GpioIntRegs
00007010   _SysCtrlRegs
00007040   _SpiaRegs
00007050   _SciaRegs
00007070   _XIntruptRegs
00007100   _AdcRegs
00007740   _SpibRegs
00007750   _ScibRegs
00007760   _SpicRegs
00007780   _SpidRegs
00007900   _I2caRegs
00008000   _Sen
000080bc   __unlock
000080be   __lock
000080c0   _gSensorChanel
000080c1   _gFisrtBlockDiagF
000080c2   _gMenuCnt
000080c3   _gTurnState
000080c4   _gMouseHead
000080c5   _gSearchType
000080c6   _gLPosWallF
000080c7   _gUserTurnSpeedBackup
000080c8   _gDiagDirectAdjState
000080c9   _gBackTurnFrontAdjState
000080ca   _gBattVolt
000080cb   _gUserDiagVelLimitEdit
000080cc   _gDiagSpeedLimit
000080cd   _gDirectSpeedLimit
000080ce   _gUserSpeed
000080cf   _gEdgeDiffAdjustFlag
000080d0   _gUserTurnSpeed
000080d1   _gUserSpeedBackup
000080d2   _gDiagTurnOutAdjF
000080d3   _gFrontSensorPull
000080d4   _gDiagTurnOutLEdgeAdjF
000080d5   _gDiagTurnOutREdgeAdjF
000080d7   _gMoveState
000080d8   _gJapanAlgo
000080d9   _gRPosWallF
000080da   _gUserDirectAccelEdit
000080db   _gUserDirectVelLimitEdit
000080dc   _gUserDiagAccelEdit
000080dd   _gStopCount
000080de   _gNextBlockDir
000080df   _gAngleAdjF
000080e0   _gPosAdjF
000080e1   _fSwichTop
000080e2   _ModeSelect
000080e3   _gMouseYetDir
000080e4   _gMousePosition
000080e5   _fSwichRight
000080e6   _gMouseDir
000080e8   _Mode1Yet
000080ea   _Mode1
000080eb   _Mode0
000080ec   _gBlockToBlock
000080ed   _gSearchEndState
000080ee   _gSecondRunGoal
000080ef   _gAlgoState
000080f0   _gPathWeightState
000080f1   _gBlockRunException
000080f2   _gMouseYetPosition
000080f3   _Mode0Yet
000080f4   _gPathBufferHead
000080f6   _pLDS
000080f8   _pRSS
000080fa   _pLSS
000080fc   _pRDS
00008100   _q19LeftPos
00008102   _q13GyroAngle
00008104   _q19Position
00008106   _pRFS
00008108   _pLFS
0000810a   _pTurnCbrTable
0000810c   _pTurnTable
0000810e   _q30PosAdjDecelDiff
00008110   _q26PosAdjAccelRef
00008112   _gDiffAdjCnt
00008114   _q30PosAdjAccelDiff
00008116   _q18PosProportionTerm
00008118   _q18PosDerivativeTerm
0000811a   _q26PosAdjDecelRef
0000811c   _gUserAccel
0000811e   _gUserDirectAccel
00008120   _EndPos
00008122   _MapSearchQueueHead
00008124   _gRunTime
00008126   _q18PositionErrSum
00008128   _gUserDiagAccel
0000812a   _q18AnglePidOutTerm
0000812c   _q18AngleErrSum
0000812e   _q18AngleProportionTerm
00008130   _q19RightPos
00008132   _q18PosIntegralTerm
00008134   _gUserTimeCnt
00008136   _q18PosPidOutTerm
00008138   _q18AngleIntegralTerm
0000813a   _q18AngleDerivativeTerm
0000813c   _gMoveTable
00008140   _gHeadTable
00008149   _SensorShootSEQ
0000814f   _SensorADCSEQ
00008155   _TurnTableIndex
0000815c   _CpuTimer1
00008164   _q18PositionErr
0000816c   _q18AngleErr
00008174   _CpuTimer0
00008180   _GyroVar
0000818a   _WallTable
00008196   _DirectWeight
000081c0   _DiagWeight
00008200   _Mode
00008240   _TurnInErr
00008280   _TurnOutErr
000082c0   _q23LFSSectionDiff
00008300   _q23RFSSectionDiff
00008340   _q19RFSSection
00008380   _q19LFSSection
000083c0   _LeftMotor
00008400   _RightMotor
00008440   _pPathFuntion
00008500   _TurnCbrTable
00008580   _gMazeMapBackUp0
00008680   _gMazeMap
00008780   _gMazeMapBackUp
00008880   _gMazeMapBackUp1
00008980   _gMazeMapBackUp2
00008a80   _KnowBlockPath
00008c80   _gMapValue
00008e80   _TurnTable
00009800   _test
0000a3b8   __cleanup_ptr
0000a3ba   __dtors_ptr
0000a3bc   _errno
0000a3be   __far_sys_memory
0000aabe   _KnowBlockPathMake
0000aabe   _RamfuncsRunStart1
003e8000   code_start
003e8002   _RamfuncsLoadStart0
003e81ca   .text
003e81ca   _RamfuncsLoadEnd0
003e81ca   ___text__
003e81ca   _rsvd_ISR
003e81d0   _DisableDog
003e81d8   _InitPll
003e81fc   _InitPeripheralClocks
003e821f   _InitSysCtrl
003e8227   _InitGpio
003e8249   _MemCopy
003e8259   _InitPieCtrl
003e8278   _InitPieVectTable
003e8289   _ResetSensorVariable
003e828e   _ResetPositionVariable
003e82ab   _ResetAngleVariable
003e82bd   _ResetEdgeVariable
003e82dd   _ResetVariable
003e8303   _ResetSystem
003e8316   _InitCpuTimers
003e833c   _ConfigCpuTimer
003e8361   _InitAdc
003e8375   _InitSci
003e838b   _InitSpi
003e839a   _InitEQep
003e83c1   _VfdCtlRegInit
003e83f0   _VfdInit
003e8405   _InitpMode
003e8449   _SetpPathFuntion
003e8497   _InitMotorVar
003e84b7   _InitEPWM
003e84f9   _SpiTx
003e8508   _SpiBusyOK
003e852e   _SpiReadRom
003e8584   _SCIx_TxChar
003e858a   _SCIx_TxString
003e859e   _TxPrintf
003e85af   _FrontSensorValueCall
003e86a7   _SideSensorValueCall
003e888b   _VfdDataLoad
003e88e2   _VFDPrintf
003e88f3   _TurnTableLoad
003e894d   _PositionAdjustDiffVal
003e897c   _InitSearchQueueList
003e899a   _InitAlgorithmVariable
003e89d6   _CallUserVar
003e89f1   _InitSystem
003e8a84   _Delay
003e8a8c   _Buzz
003e8aa0   _Click
003e8ac4   _MoveToMove
003e8b93   _DiagBlockRun
003e8c3f   _InitWeight
003e8cca   _Algorithm
003e8e8d   _WallCheck
003e8ef5   _CobraTurn45_135Out
003e901a   _Diag90Turn
003e91b2   _Diag45_135TurnOut
003e9355   _Diag45_135TurnIn
003e94f6   _Diag180Turn
003e95ae   _MoveStop
003e9659   _SpiWriteRom
003e96a8   _BackTurn
003e99fd   _SmoothTurn
003e9bed   _BlockStraight
003e9edc   _TestView
003e9ef2   _TurnTableLoadView
003ea0bb   _SensorValueVeiw
003ea218   _PositionVeiw
003ea33b   _BurnUserVar
003ea35a   _SpeedEdit
003ea477   _InitGyroRefVolt
003ea4b1   _StraightTest
003ea530   _SCIx_RxChar
003ea536   _TurnDataSet
003ea900   __2ndRunTableCall
003ea94b   _SiedSensorSet
003eaaeb   _FrontSensorSet
003eaca4   _SearchTypeSelect
003ead1c   _InitSearchStartVar
003ead2f   _InitAlgorithm
003ead6d   _RunPathMake
003eb266   _S1220Run
003eb2b6   _S1100Run
003eb306   _S800Run
003eb356   _FullRun
003eb3b7   _SecondRun
003eb4e8   _S1300Run
003eb538   _SearchMaze
003eb631   _SearchMazeLoop
003eb6c1   _TurnAdjust
003eb826   _MenuButton
003eb8ec   _BattCheck
003eb915   _main
003eb978   _XINT2_ISR
003eb97e   _XINT1_ISR
003eb984   _WAKEINT_ISR
003eb98a   _USER9_ISR
003eb990   _USER8_ISR
003eb996   _USER7_ISR
003eb99c   _USER6_ISR
003eb9a2   _USER5_ISR
003eb9a8   _USER4_ISR
003eb9ae   _USER3_ISR
003eb9b4   _USER2_ISR
003eb9ba   _USER1_ISR
003eb9c0   _USER12_ISR
003eb9c6   _USER11_ISR
003eb9cc   _USER10_ISR
003eb9d2   _TurnDataSet123
003ebb78   _ServiceDog
003ebb82   _SensorTimer0ISR
003ebbbc   _SPITXINTD_ISR
003ebbc2   _SPITXINTC_ISR
003ebbc8   _SPITXINTB_ISR
003ebbce   _SPITXINTA_ISR
003ebbd4   _SPIRXINTD_ISR
003ebbda   _SPIRXINTC_ISR
003ebbe0   _SPIRXINTB_ISR
003ebbe6   _SPIRXINTA_ISR
003ebbec   _SEQ2INT_ISR
003ebbf2   _FrontSensorValueToDisTable
003ebd0c   _SEQ1INT_ISR
003ebf48   _SCITXINTB_ISR
003ebf4e   _SCITXINTA_ISR
003ebf54   _SCIRXINTB_ISR
003ebf5a   _SCIRXINTA_ISR
003ebf60   _RTOSINT_ISR
003ebf66   _EdgeCheck
003ec01f   _DiagEdgeCheck
003ec0c6   _PositionAdjPIDCtl
003ec477   _PIE_RESERVED
003ec47d   _NMI_ISR
003ec483   _MotorTimer1ISR
003ec777   _INT14_ISR
003ec77d   _ILLEGAL_ISR
003ec783   _I2CINT2A_ISR
003ec789   _I2CINT1A_ISR
003ec78f   _EnableInterrupts
003ec798   _EQEP2_INT_ISR
003ec79e   _EQEP1_INT_ISR
003ec7a4   _EPWM6_TZINT_ISR
003ec7aa   _EPWM6_INT_ISR
003ec7b0   _EPWM5_TZINT_ISR
003ec7b6   _EPWM5_INT_ISR
003ec7bc   _EPWM4_TZINT_ISR
003ec7c2   _EPWM4_INT_ISR
003ec7c8   _EPWM3_TZINT_ISR
003ec7ce   _EPWM3_INT_ISR
003ec7d4   _EPWM2_TZINT_ISR
003ec7da   _EPWM2_INT_ISR
003ec7e0   _EPWM1_TZINT_ISR
003ec7e6   _EPWM1_INT_ISR
003ec7ec   _EMUINT_ISR
003ec7f2   _EMPTY_ISR
003ec7f7   _ECAP4_INT_ISR
003ec7fd   _ECAP3_INT_ISR
003ec803   _ECAP2_INT_ISR
003ec809   _ECAP1_INT_ISR
003ec80f   _ECAN1INTB_ISR
003ec815   _ECAN1INTA_ISR
003ec81b   _ECAN0INTB_ISR
003ec821   _ECAN0INTA_ISR
003ec827   _DATALOG_ISR
003ec82d   _ADCINT_ISR
003ecfcc   __printfi
003ed0cf   _far_free
003ed125   _far_minit
003ed150   _far_malloc
003ed1ad   _far_memlcpy
003ed1b7   _far_realloc
003ed258   _far_memlmove
003ed270   _far_max_free
003ed28e   _far_free_memory
003ed2aa   _far_chkheap
003ed2b0   _far_calloc
003ed2ca   _strtod
003ed426   LL$$DIV
003ed462   LL$$MOD
003ed49c   ULL$$DIV
003ed4cb   ULL$$MOD
003ed52d   _acos
003ed5db   FD$$ADD
003ed677   FD$$DIV
003ed702   FD$$MPY
003ed785   FS$$DIV
003ed808   FS$$SUB
003ed80d   FS$$ADD
003ed880   FS$$MPY
003ed8da   _sqrt
003ed92a   _c_int00
003ed96e   _ldexp
003ed9af   _atol
003ed9e9   _atoi
003eda1a   _ltoa
003eda48   _vsprintf
003eda76   FD$$CMP
003edaa0   L$$DIV
003edaaf   L$$MOD
003edabd   UL$$DIV
003edac4   UL$$MOD
003edaca   FS$$TOL
003edaf3   I$$DIV
003edb04   I$$MOD
003edb15   FD$$TOI
003edb36   ___memcpy_ff
003edb57   FD$$TOL
003edb76   LL$$CMP
003edb88   ULL$$CMP
003edb94   FS$$TOFD
003edbb0   L$$TOFD
003edbcc   __args_main
003edbe7   C$$EXIT
003edbe7   _abort
003edbe9   _exit
003edc00   FS$$CMP
003edc17   LL$$MPY
003edc2b   _memccpy
003edc3d   FD$$SUB
003edc4b   _strcmp
003edc55   _strlen
003edc5f   __register_unlock
003edc63   __register_lock
003edc67   __nop
003edc68   FD$$NEG
003edc71   _strcpy
003edc82   _memset
003edc89   FS$$NEG
003edc8e   _RamfuncsLoadStart1
003edc8e   ___etext__
003edc8e   etext
003ee04c   _RamfuncsLoadEnd1
003ee681   _FontData
003ee902   _PieVectTableInit
003eea0a   __ctypes_
003eeb0b   _PathState
003eebe7   _TurnStr
003eecc3   _MenuString
003eed2c   _sEDGE
003eed77   _sSEN
003eee42   __IQ12div
003eee89   __IQ19div
003eeed0   __IQ22div
003eef17   __IQ23div
003eef5e   __IQ6div
003eefa5   __IQ19sqrt
003eefe7   __IQ6sqrt
003ef029   __IQ12toF
003ef03d   __IQ15toF
003ef051   __IQ17toF
003ef065   __IQ19toF
003ef079   __IQ20toF
003ef08d   __IQ23toF
003ef0a1   __IQ19int
003ef0aa   ___cinit__
003ef0aa   cinit
003f7ff8   _CsmPwl
003ff000   _IQsinTable
003ff100   _IQcosTable
003ff400   _IQsinTableEnd
003ff502   _IQcosTableEnd
003ff502   _IQdivRoundSatTable
003ff510   _IQdivTable
003ff712   _IQdivTableEnd
003ff712   _IQisqrtRoundSatTable
003ff712   _IQsqrtRoundSatTable
003ff722   _IQisqrtTable
003ff722   _IQsqrtTable
003ff824   _IQatan2HalfPITable
003ff824   _IQisqrtTableEnd
003ff824   _IQsqrtTableEnd
003ff862   _IQatan2Table
003ff9e8   _IQ30mpyRndSatTable
003ff9e8   _IQatan2TableEnd
003ff9e8   _IQmpyRndSatTable
003ff9f4   _IQ29mpyRndSatTable
003ffa00   _IQ28mpyRndSatTable
003ffa0c   _IQ27mpyRndSatTable
003ffa18   _IQ26mpyRndSatTable
003ffa24   _IQ25mpyRndSatTable
003ffa30   _IQ24mpyRndSatTable
003ffa3c   _IQ23mpyRndSatTable
003ffa48   _IQ22mpyRndSatTable
003ffa54   _IQ21mpyRndSatTable
003ffa60   _IQ20mpyRndSatTable
003ffa6c   _IQ19mpyRndSatTable
003ffa78   _IQ18mpyRndSatTable
003ffa84   _IQ17mpyRndSatTable
003ffa90   _IQ16mpyRndSatTable
003ffa9c   _IQ15mpyRndSatTable
003ffaa8   _IQ14mpyRndSatTable
003ffab4   _IQ13mpyRndSatTable
003ffac0   _IQ12mpyRndSatTable
003ffacc   _IQ11mpyRndSatTable
003ffad8   _IQ10mpyRndSatTable
003ffae4   _IQ9mpyRndSatTable
003ffaf0   _IQ8mpyRndSatTable
003ffafc   _IQ7mpyRndSatTable
003ffb08   _IQ6mpyRndSatTable
003ffb14   _IQ5mpyRndSatTable
003ffb20   _IQ4mpyRndSatTable
003ffb2c   _IQ3mpyRndSatTable
003ffb38   _IQ2mpyRndSatTable
003ffb44   _IQ1mpyRndSatTable
003ffb50   _IQmpyRndSatTableEnd
ffffffff   ___binit__
ffffffff   ___c_args__
ffffffff   ___pinit__
ffffffff   binit
ffffffff   pinit

[495 symbols]
