******************************************************************************
        TMS320C2000 COFF Linker PC v4.1.3                      
******************************************************************************
>> Linked Mon Jun 25 07:25:57 2007

OUTPUT FILE NAME:   <./Debug/monitor2808.out>
ENTRY POINT SYMBOL: "code_start"  address: 003f7ff6


MEMORY CONFIGURATION

                  name            origin    length      used    attr    fill
         ----------------------  --------  ---------  --------  ----  --------
PAGE  0: RAMM1                   00000000   00000800  00000513  RWIX
         OTP                     003d7800   00000400  00000000  RWIX
         FLASHD                  003e8000   00004000  00000000  RWIX
         FLASHC                  003ec000   00004000  00000000  RWIX
         FLASHB                  003f0000   00004000  00000000  RWIX
         USERFLASH               003f4000   00003f80  000025d9  RWIX
         CSM_RSVD                003f7f80   00000076  00000000  RWIX
         BEGIN                   003f7ff6   00000002  00000002  RWIX
         CSM_PWL                 003f7ff8   00000008  00000000  RWIX
         RAMH0                   003fa000   00002000  00000404  RWIX
         ROM                     003ff000   00000fc0  00000000  RWIX
         RESET                   003fffc0   00000002  00000000  RWIX
         VECTORS                 003fffc2   0000003e  00000000  RWIX

PAGE  1: DEV_EMU                 00000880   00000180  000000d0  RWIX
         FLASH_REGS              00000a80   00000060  00000008  RWIX
         CSM                     00000ae0   00000010  00000010  RWIX
         ADC_MIRROR              00000b00   00000010  00000010  RWIX
         CPU_TIMER0              00000c00   00000008  00000008  RWIX
         CPU_TIMER1              00000c08   00000008  00000008  RWIX
         CPU_TIMER2              00000c10   00000008  00000008  RWIX
         PIE_CTRL                00000ce0   00000020  0000001a  RWIX
         PIE_VECT                00000d00   00000100  00000100  RWIX
         ECANA                   00006000   00000040  00000034  RWIX
         ECANA_LAM               00006040   00000040  00000040  RWIX
         ECANA_MOTS              00006080   00000040  00000040  RWIX
         ECANA_MOTO              000060c0   00000040  00000040  RWIX
         ECANA_MBOX              00006100   00000100  00000100  RWIX
         ECANB                   00006200   00000040  00000034  RWIX
         ECANB_LAM               00006240   00000040  00000040  RWIX
         ECANB_MOTS              00006280   00000040  00000040  RWIX
         ECANB_MOTO              000062c0   00000040  00000040  RWIX
         ECANB_MBOX              00006300   00000100  00000100  RWIX
         EPWM1                   00006800   00000022  00000022  RWIX
         EPWM2                   00006840   00000022  00000022  RWIX
         EPWM3                   00006880   00000022  00000022  RWIX
         EPWM4                   000068c0   00000022  00000022  RWIX
         EPWM5                   00006900   00000022  00000022  RWIX
         EPWM6                   00006940   00000022  00000022  RWIX
         ECAP1                   00006a00   00000020  00000020  RWIX
         ECAP2                   00006a20   00000020  00000020  RWIX
         ECAP3                   00006a40   00000020  00000020  RWIX
         ECAP4                   00006a60   00000020  00000020  RWIX
         EQEP1                   00006b00   00000040  00000040  RWIX
         EQEP2                   00006b40   00000040  00000040  RWIX
         GPIOCTRL                00006f80   00000040  00000040  RWIX
         GPIODAT                 00006fc0   00000020  00000020  RWIX
         GPIOINT                 00006fe0   00000020  0000000a  RWIX
         SYSTEM                  00007010   00000020  00000020  RWIX
         SPIA                    00007040   00000010  00000010  RWIX
         SCIA                    00007050   00000010  00000010  RWIX
         XINTRUPT                00007070   00000010  00000010  RWIX
         ADC                     00007100   00000020  0000001e  RWIX
         SPIB                    00007740   00000010  00000010  RWIX
         SCIB                    00007750   00000010  00000010  RWIX
         SPIC                    00007760   00000010  00000010  RWIX
         SPID                    00007780   00000010  00000010  RWIX
         I2CA                    00007900   00000040  00000022  RWIX
         RAML0_1                 00008000   00002000  00000564  RWIX
         CSM_PWL                 003f7ff8   00000008  00000008  RWIX


SECTION ALLOCATION MAP

 output                                  attributes/
section   page    origin      length       input sections
--------  ----  ----------  ----------   ----------------
.pinit     0    003f4000    00000000     UNINITIALIZED

.switch    0    003f4000    00000000     UNINITIALIZED

.text      0    003f4000    000017b0     
                  003f4000    00000044     rts2800_ml.lib : boot.obj (.text)
                  003f4044    0000004a                    : exit.obj (.text)
                  003f408e    00000009                    : _lock.obj (.text)
                  003f4097    00000011                    : args_main.obj (.text)
                  003f40a8    00000008     DSP280x_CodeStartBranch.obj (.text)
                  003f40b0    0000064c     flash.obj (.text)
                  003f46fc    00000017     rts2800_ml.lib : fs_cmp.obj (.text)
                  003f4713    0000005a                    : fs_mpy.obj (.text)
                  003f476d    00000029                    : fs_tol.obj (.text)
                  003f4796    00000009                    : memset.obj (.text)
                  003f479f    00000030                    : vsprintf.obj (.text)
                  003f47cf    00000775                    : _printfi.obj (.text)
                  003f4f44    0000003d                    : atoi.obj (.text)
                  003f4f81    000000ec                    : ecvt.obj (.text)
                  003f506d    000000ec                    : fcvt.obj (.text)
                  003f5159    0000002a                    : fd_cmp.obj (.text)
                  003f5183    0000008b                    : fd_div.obj (.text)
                  003f520e    00000083                    : fd_mpy.obj (.text)
                  003f5291    00000009                    : fd_neg.obj (.text)
                  003f529a    0000000e                    : fd_sub.obj (.text)
                  003f52a8    00000021                    : fd_toi.obj (.text)
                  003f52c9    0000001f                    : fd_tol.obj (.text)
                  003f52e8    0000001c                    : fs_tofd.obj (.text)
                  003f5304    0000001c                    : l_tofd.obj (.text)
                  003f5320    0000001e                    : ll_cmp.obj (.text)
                  003f533e    00000107                    : ll_div.obj (.text)
                  003f5445    00000014                    : ll_mpy.obj (.text)
                  003f5459    0000002c                    : ltoa.obj (.text)
                  003f5485    0000000d                    : memccpy.obj (.text)
                  003f5492    00000041                    : memcpy.obj (.text)
                  003f54d3    000001eb                    : memory.obj (.text)
                  003f56be    00000009                    : strcpy.obj (.text)
                  003f56c7    0000000a                    : strlen.obj (.text)
                  003f56d1    00000019                    : strncpy.obj (.text)
                  003f56ea    0000009c                    : fd_add.obj (.text)
                  003f5786    0000002a                    : l_div.obj (.text)

.econst    0    003f57b0    0000055f     
                  003f57b0    000003fd     flash.obj (.econst)
                  003f5bad    00000001     --HOLE-- [fill = 0]
                  003f5bae    0000003f     rts2800_ml.lib : _printfi.obj (.econst)
                  003f5bed    00000001     --HOLE-- [fill = 0]
                  003f5bee    00000010                    : ecvt.obj (.econst)
                  003f5bfe    00000010                    : fcvt.obj (.econst)
                  003f5c0e    00000101                    : ctype.obj (.econst)

Flash28_API 
*          0    003f5d10    000004f0     RUN ADDR = 00000000
                  003f5d10    00000014     Flash2808_API_V302.lib : Flash28_Erase.obj (.econst)
                  003f5d24    000000a2                            : Flash28_Erase.obj (.text)
                  003f5dc6    0000005b                            : Flash28_EraseSector.obj (.text)
                  003f5e21    00000024                            : Flash28_Init.obj (.text)
                  003f5e45    00000084                            : Flash28_Internals.obj (.text)
                  003f5ec9    000000a9                            : Flash28_Prog.obj (.text)
                  003f5f72    0000007f                            : Flash28_Prog_Pulse.obj (.text)
                  003f5ff1    00000014                            : Flash28_Utils.obj (.text)
                  003f6005    00000005                            : Flash28_Version.obj (.text)
                  003f600a    00000003                            : Flash28_Version_Hex.obj (.text)
                  003f600d    00000033                            : Flash28_ClearSector.obj (.text)
                  003f6040    00000054                            : Flash28_CompactSector.obj (.text)
                  003f6094    0000000d                            : Flash28_Delay.obj (.text)
                  003f60a1    00000007                            : Flash28_DisInt.obj (.text)
                  003f60a8    0000009a                            : Flash28_Erase_Pulse.obj (.text)
                  003f6142    00000041                            : Flash28_ClearLoop.obj (.text)
                  003f6183    0000007d                            : Flash28_Compact_Pulse.obj (.text)

VFD_FONT   0    003f6200    00000280     
                  003f6200    00000280     flash.obj (VFD_FONT)

ramfuncs1 
*          0    003f6480    00000103     RUN ADDR = 003fa300
                  003f6480    00000103     flash.obj (ramfuncs1)

.cinit     0    003f6583    00000034     
                  003f6583    0000000e     rts2800_ml.lib : exit.obj (.cinit)
                  003f6591    0000000a                    : _lock.obj (.cinit)
                  003f659b    0000000d     flash.obj (.cinit)
                  003f65a8    00000004     rts2800_ml.lib : memory.obj (.cinit)
                  003f65ac    0000000a     Flash2808_API_V302.lib : Flash28_Globals.obj (.cinit)
                  003f65b6    00000001     --HOLE-- [fill = 0]

ramfuncs   0    003f65b7    00000023     RUN ADDR = 000004f0
                  003f65b7    00000004     DSP280x_usDelay.obj (ramfuncs)
                  003f65bb    0000001f     flash.obj (ramfuncs)

csm_rsvd   0    003f7f80    00000000     UNINITIALIZED

codestart 
*          0    003f7ff6    00000002     
                  003f7ff6    00000002     DSP280x_CodeStartBranch.obj (codestart)

csmpasswds 
*          0    003f7ff8    00000000     UNINITIALIZED

.heap      0    003fa000    00000000     UNINITIALIZED

.esysmem   0    003fa000    00000000     UNINITIALIZED

.stack     0    003fa000    00000300     UNINITIALIZED

.sysmem    0    003fa403    00000001     UNINITIALIZED

.reset     0    003fffc0    00000002     DSECT
                  003fffc0    00000002     rts2800_ml.lib : boot.obj (.reset)

vectors    0    003fffc2    00000000     DSECT

.data      1    00000000    00000000     UNINITIALIZED

.bss       1    00000000    00000000     UNINITIALIZED

DevEmuRegsFile 
*          1    00000880    000000d0     UNINITIALIZED
                  00000880    000000d0     flash.obj (DevEmuRegsFile)

FlashRegsFile 
*          1    00000a80    00000008     UNINITIALIZED
                  00000a80    00000008     flash.obj (FlashRegsFile)

CsmRegsFile 
*          1    00000ae0    00000010     UNINITIALIZED
                  00000ae0    00000010     flash.obj (CsmRegsFile)

AdcMirrorFile 
*          1    00000b00    00000010     UNINITIALIZED
                  00000b00    00000010     flash.obj (AdcMirrorFile)

CpuTimer0RegsFile 
*          1    00000c00    00000008     UNINITIALIZED
                  00000c00    00000008     flash.obj (CpuTimer0RegsFile)

CpuTimer1RegsFile 
*          1    00000c08    00000008     UNINITIALIZED
                  00000c08    00000008     flash.obj (CpuTimer1RegsFile)

CpuTimer2RegsFile 
*          1    00000c10    00000008     UNINITIALIZED
                  00000c10    00000008     flash.obj (CpuTimer2RegsFile)

PieCtrlRegsFile 
*          1    00000ce0    0000001a     UNINITIALIZED
                  00000ce0    0000001a     flash.obj (PieCtrlRegsFile)

PieVectTableFile 
*          1    00000d00    00000100     UNINITIALIZED
                  00000d00    00000100     flash.obj (PieVectTableFile)

ECanaRegsFile 
*          1    00006000    00000034     UNINITIALIZED
                  00006000    00000034     flash.obj (ECanaRegsFile)

ECanaLAMRegsFile 
*          1    00006040    00000040     UNINITIALIZED
                  00006040    00000040     flash.obj (ECanaLAMRegsFile)

ECanaMOTSRegsFile 
*          1    00006080    00000040     UNINITIALIZED
                  00006080    00000040     flash.obj (ECanaMOTSRegsFile)

ECanaMOTORegsFile 
*          1    000060c0    00000040     UNINITIALIZED
                  000060c0    00000040     flash.obj (ECanaMOTORegsFile)

ECanaMboxesFile 
*          1    00006100    00000100     UNINITIALIZED
                  00006100    00000100     flash.obj (ECanaMboxesFile)

ECanbRegsFile 
*          1    00006200    00000034     UNINITIALIZED
                  00006200    00000034     flash.obj (ECanbRegsFile)

ECanbLAMRegsFile 
*          1    00006240    00000040     UNINITIALIZED
                  00006240    00000040     flash.obj (ECanbLAMRegsFile)

ECanbMOTSRegsFile 
*          1    00006280    00000040     UNINITIALIZED
                  00006280    00000040     flash.obj (ECanbMOTSRegsFile)

ECanbMOTORegsFile 
*          1    000062c0    00000040     UNINITIALIZED
                  000062c0    00000040     flash.obj (ECanbMOTORegsFile)

ECanbMboxesFile 
*          1    00006300    00000100     UNINITIALIZED
                  00006300    00000100     flash.obj (ECanbMboxesFile)

EPwm1RegsFile 
*          1    00006800    00000022     UNINITIALIZED
                  00006800    00000022     flash.obj (EPwm1RegsFile)

EPwm2RegsFile 
*          1    00006840    00000022     UNINITIALIZED
                  00006840    00000022     flash.obj (EPwm2RegsFile)

EPwm3RegsFile 
*          1    00006880    00000022     UNINITIALIZED
                  00006880    00000022     flash.obj (EPwm3RegsFile)

EPwm4RegsFile 
*          1    000068c0    00000022     UNINITIALIZED
                  000068c0    00000022     flash.obj (EPwm4RegsFile)

EPwm5RegsFile 
*          1    00006900    00000022     UNINITIALIZED
                  00006900    00000022     flash.obj (EPwm5RegsFile)

EPwm6RegsFile 
*          1    00006940    00000022     UNINITIALIZED
                  00006940    00000022     flash.obj (EPwm6RegsFile)

ECap1RegsFile 
*          1    00006a00    00000020     UNINITIALIZED
                  00006a00    00000020     flash.obj (ECap1RegsFile)

ECap2RegsFile 
*          1    00006a20    00000020     UNINITIALIZED
                  00006a20    00000020     flash.obj (ECap2RegsFile)

ECap3RegsFile 
*          1    00006a40    00000020     UNINITIALIZED
                  00006a40    00000020     flash.obj (ECap3RegsFile)

ECap4RegsFile 
*          1    00006a60    00000020     UNINITIALIZED
                  00006a60    00000020     flash.obj (ECap4RegsFile)

EQep1RegsFile 
*          1    00006b00    00000040     UNINITIALIZED
                  00006b00    00000040     flash.obj (EQep1RegsFile)

EQep2RegsFile 
*          1    00006b40    00000040     UNINITIALIZED
                  00006b40    00000040     flash.obj (EQep2RegsFile)

GpioCtrlRegsFile 
*          1    00006f80    00000040     UNINITIALIZED
                  00006f80    00000040     flash.obj (GpioCtrlRegsFile)

GpioDataRegsFile 
*          1    00006fc0    00000020     UNINITIALIZED
                  00006fc0    00000020     flash.obj (GpioDataRegsFile)

GpioIntRegsFile 
*          1    00006fe0    0000000a     UNINITIALIZED
                  00006fe0    0000000a     flash.obj (GpioIntRegsFile)

SysCtrlRegsFile 
*          1    00007010    00000020     UNINITIALIZED
                  00007010    00000020     flash.obj (SysCtrlRegsFile)

SpiaRegsFile 
*          1    00007040    00000010     UNINITIALIZED
                  00007040    00000010     flash.obj (SpiaRegsFile)

SciaRegsFile 
*          1    00007050    00000010     UNINITIALIZED
                  00007050    00000010     flash.obj (SciaRegsFile)

XIntruptRegsFile 
*          1    00007070    00000010     UNINITIALIZED
                  00007070    00000010     flash.obj (XIntruptRegsFile)

AdcRegsFile 
*          1    00007100    0000001e     UNINITIALIZED
                  00007100    0000001e     flash.obj (AdcRegsFile)

SpibRegsFile 
*          1    00007740    00000010     UNINITIALIZED
                  00007740    00000010     flash.obj (SpibRegsFile)

ScibRegsFile 
*          1    00007750    00000010     UNINITIALIZED
                  00007750    00000010     flash.obj (ScibRegsFile)

SpicRegsFile 
*          1    00007760    00000010     UNINITIALIZED
                  00007760    00000010     flash.obj (SpicRegsFile)

SpidRegsFile 
*          1    00007780    00000010     UNINITIALIZED
                  00007780    00000010     flash.obj (SpidRegsFile)

I2caRegsFile 
*          1    00007900    00000022     UNINITIALIZED
                  00007900    00000022     flash.obj (I2caRegsFile)

.ebss      1    00008000    00000564     UNINITIALIZED
                  00008000    000000e4     flash.obj (.ebss)
                  000080e4    00000008     rts2800_ml.lib : memory.obj (.ebss)
                  000080ec    00000004     Flash2808_API_V302.lib : Flash28_Globals.obj (.ebss)
                  000080f0    00000004     rts2800_ml.lib : _lock.obj (.ebss)
                  00008100    00000080                    : exit.obj (.ebss)
                  00008180    00000190                    : fcvt.obj (.ebss)
                  00008340    00000190                    : _printfi.obj (.ebss)
                  00008500    00000064                    : ecvt.obj (.ebss)

CsmPwlFile 
*          1    003f7ff8    00000008     UNINITIALIZED
                  003f7ff8    00000008     flash.obj (CsmPwlFile)


GLOBAL SYMBOLS: SORTED ALPHABETICALLY BY Name 

address    name
--------   ----
00000000   .bss
00000000   .data
003f4000   .text
003f406a   C$$EXIT
003f56ea   FD$$ADD
003f5159   FD$$CMP
003f5183   FD$$DIV
003f520e   FD$$MPY
003f5291   FD$$NEG
003f529a   FD$$SUB
003f52a8   FD$$TOI
003f52c9   FD$$TOL
003f46fc   FS$$CMP
003f4713   FS$$MPY
003f52e8   FS$$TOFD
003f476d   FS$$TOL
003f5786   L$$DIV
003f5795   L$$MOD
003f5304   L$$TOFD
003f5320   LL$$CMP
003f533e   LL$$DIV
003f537a   LL$$MOD
003f5445   LL$$MPY
003f57a3   UL$$DIV
003f57aa   UL$$MOD
003f5332   ULL$$CMP
003f53b4   ULL$$DIV
003f53e3   ULL$$MOD
003f46f6   _ADCINT_ISR
00000b00   _AdcMirror
00007100   _AdcRegs
003f424a   _ConfigCpuTimer
00008014   _CpuTimer0
00000c00   _CpuTimer0Regs
0000800c   _CpuTimer1
00000c08   _CpuTimer1Regs
00000c10   _CpuTimer2Regs
003f7ff8   _CsmPwl
00000ae0   _CsmRegs
003f46f0   _DATALOG_ISR
000004f0   _DSP28x_usDelay
003f4385   _DeleteAllFlash
003f4336   _DeleteSecletFlash
00000880   _DevEmuRegs
003f40b6   _DisableDog
00008040   _DownLoadingHex
003f46ea   _ECAN0INTA_ISR
003f46e4   _ECAN0INTB_ISR
003f46de   _ECAN1INTA_ISR
003f46d8   _ECAN1INTB_ISR
003f46d2   _ECAP1_INT_ISR
003f46cc   _ECAP2_INT_ISR
003f46c6   _ECAP3_INT_ISR
003f46c0   _ECAP4_INT_ISR
00006040   _ECanaLAMRegs
000060c0   _ECanaMOTORegs
00006080   _ECanaMOTSRegs
00006100   _ECanaMboxes
00006000   _ECanaRegs
00006240   _ECanbLAMRegs
000062c0   _ECanbMOTORegs
00006280   _ECanbMOTSRegs
00006300   _ECanbMboxes
00006200   _ECanbRegs
00006a00   _ECap1Regs
00006a20   _ECap2Regs
00006a40   _ECap3Regs
00006a60   _ECap4Regs
003f46bb   _EMPTY_ISR
003f46b5   _EMUINT_ISR
003f46af   _EPWM1_INT_ISR
003f46a9   _EPWM1_TZINT_ISR
003f46a3   _EPWM2_INT_ISR
003f469d   _EPWM2_TZINT_ISR
003f4697   _EPWM3_INT_ISR
003f4691   _EPWM3_TZINT_ISR
003f468b   _EPWM4_INT_ISR
003f4685   _EPWM4_TZINT_ISR
003f467f   _EPWM5_INT_ISR
003f4679   _EPWM5_TZINT_ISR
003f4673   _EPWM6_INT_ISR
003f466d   _EPWM6_TZINT_ISR
00006800   _EPwm1Regs
00006840   _EPwm2Regs
00006880   _EPwm3Regs
000068c0   _EPwm4Regs
00006900   _EPwm5Regs
00006940   _EPwm6Regs
003f4667   _EQEP1_INT_ISR
003f4661   _EQEP2_INT_ISR
00006b00   _EQep1Regs
00006b40   _EQep2Regs
003f4658   _EnableInterrupts
000002fd   _Fl2808_ClearSector
00000330   _Fl2808_CompactSector
000000b6   _Fl2808_EraseSector
00000111   _Fl2808_Init
00000432   _Fl28x_ClearLoop
00000197   _Fl28x_ClosePulse
000004ad   _Fl28x_CompactPulse
00000473   _Fl28x_CompactVerify
00000384   _Fl28x_Delay
00000391   _Fl28x_DisableInt
000002e9   _Fl28x_DisableNMI
00000142   _Fl28x_EnterCmdMode
000003e0   _Fl28x_ErasePulse
00000398   _Fl28x_EraseVerify
00000167   _Fl28x_FlashRegSleep
00000135   _Fl28x_LeaveCmdMode
000001ae   _Fl28x_MaskAll
00000186   _Fl28x_OpenPulse
0000029f   _Fl28x_ProgPulse
00000262   _Fl28x_ProgVerify
00000395   _Fl28x_RestoreInt
000002e1   _Fl28x_WatchDogDisable
000002f5   _Flash2808_APIVersion
000002fa   _Flash2808_APIVersionHex
00000014   _Flash2808_Erase
000001b9   _Flash2808_Program
003f6200   _Flash28_API_LoadEnd
003f5d10   _Flash28_API_LoadStart
00000000   _Flash28_API_RunStart
00000a80   _FlashRegs
00008008   _FlashStatus
000080ee   _Flash_CPUScaleFactor
000080ec   _Flash_CallbackPtr
003f6200   _FontData
00006f80   _GpioCtrlRegs
00006fc0   _GpioDataRegs
00006fe0   _GpioIntRegs
003fa31d   _HEXDOWN_AsciiConvert
003fa300   _HEXDOWN_AsciiToHex
003f4652   _I2CINT1A_ISR
003f464c   _I2CINT2A_ISR
00007900   _I2caRegs
003f4646   _ILLEGAL_ISR
003f4640   _INT13_ISR
003f463a   _INT14_ISR
003f4223   _InitCpuTimers
000004f4   _InitFlash
003f41b3   _InitFlashAPI2808
003f4101   _InitGpio
003f40e2   _InitPeripheralClocks
003f4133   _InitPieCtrl
003f4152   _InitPieVectTable
003f40be   _InitPll
003f4170   _InitSci
003f40f9   _InitSysCtrl
003f426f   _InitSystem
003f4396   _InitUserHexDownVariable
003f4123   _MemCopy
003f4634   _NMI_ISR
003f462e   _PIE_RESERVED
00000ce0   _PieCtrlRegs
00000d00   _PieVectTable
003f57b0   _PieVectTableInit
003f4300   _PrintMenu
00008004   _ProgStatus
003f4628   _RTOSINT_ISR
003f65da   _RamfuncsLoadEnd
003f6583   _RamfuncsLoadEnd1
003f65b7   _RamfuncsLoadStart
003f6480   _RamfuncsLoadStart1
000004f0   _RamfuncsRunStart
003fa300   _RamfuncsRunStart1
003f4163   _ResetSystem
003f4627   _ResetVariable
003f4621   _SCIRXINTA_ISR
003f461b   _SCIRXINTB_ISR
003f4615   _SCITXINTA_ISR
003f460f   _SCITXINTB_ISR
003f4330   _SCIx_RxChar
003f4186   _SCIx_TxChar
003f418c   _SCIx_TxString
003f4609   _SEQ1INT_ISR
003f4603   _SEQ2INT_ISR
003f45fd   _SPIRXINTA_ISR
003f45f7   _SPIRXINTB_ISR
003f45f1   _SPIRXINTC_ISR
003f45eb   _SPIRXINTD_ISR
003f45e5   _SPITXINTA_ISR
003f45df   _SPITXINTB_ISR
003f45d9   _SPITXINTC_ISR
003f45d3   _SPITXINTD_ISR
00007050   _SciaRegs
00007750   _ScibRegs
003f45c9   _ServiceDog
00007040   _SpiaRegs
00007740   _SpibRegs
00007760   _SpicRegs
00007780   _SpidRegs
00007010   _SysCtrlRegs
003f455f   _TINT0_ISR
0000801c   _Temp
003f41a2   _TxPrintf
003f4559   _USER10_ISR
003f4553   _USER11_ISR
003f454d   _USER12_ISR
003f4547   _USER1_ISR
003f4541   _USER2_ISR
003f453b   _USER3_ISR
003f4535   _USER4_ISR
003f452f   _USER5_ISR
003f4529   _USER6_ISR
003f4523   _USER7_ISR
003f451d   _USER8_ISR
003f4517   _USER9_ISR
003f439d   _UserFlashErase_DownloadPrm
00008002   _UserPrgAddress
003fa35f   _UserPrmHexFileDownLoading
003f42f9   _UserProgramStart
003f42e8   _VFDPrintf
003f41dc   _VfdCtlRegInit
003f428a   _VfdDataLoad
003f420d   _VfdInit
003f4511   _WAKEINT_ISR
003f450b   _XINT1_ISR
003f4505   _XINT2_ISR
00007070   _XIntruptRegs
00000300   __STACK_SIZE
00000001   __SYSMEM_SIZE
ffffffff   ___binit__
00000000   ___bss__
ffffffff   ___c_args__
003f6583   ___cinit__
00000000   ___data__
00000000   ___edata__
00000000   ___end__
003f57b0   ___etext__
003f5495   ___memcpy
003f54b3   ___memcpy_ff
003f54a9   ___memcpy_fn
003f549f   ___memcpy_nf
ffffffff   ___pinit__
003f4000   ___text__
003f4097   __args_main
00008104   __cleanup_ptr
003f5c0e   __ctypes_
00008102   __dtors_ptr
000080f2   __lock
003f408e   __nop
003f47cf   __printfi
003f408f   __register_lock
003f4093   __register_unlock
003fa403   __sys_memory
000080f0   __unlock
003f408d   _abort
003f406c   _atexit
003f4f44   _atoi
003f4000   _c_int00
003f5662   _calloc
003f567c   _chkheap
003f4f81   _ecvt
003f4044   _exit
003f506d   _fcvt
003f5562   _free
003f567e   _free_memory
003f5459   _ltoa
003f43da   _main
003f5501   _malloc
003f569c   _max_free
003f5485   _memccpy
003f5492   _memcpy
003f4796   _memset
003f54d3   _minit
003f55ac   _realloc
003f40b0   _rsvd_ISR
003f56be   _strcpy
003f56c7   _strlen
003f56d1   _strncpy
003f479f   _vsprintf
ffffffff   binit
003f6583   cinit
003f7ff6   code_start
00000000   edata
00000000   end
003f57b0   etext
ffffffff   pinit


GLOBAL SYMBOLS: SORTED BY Symbol Address 

address    name
--------   ----
00000000   ___end__
00000000   edata
00000000   ___edata__
00000000   ___bss__
00000000   ___data__
00000000   _Flash28_API_RunStart
00000000   .data
00000000   .bss
00000000   end
00000001   __SYSMEM_SIZE
00000014   _Flash2808_Erase
000000b6   _Fl2808_EraseSector
00000111   _Fl2808_Init
00000135   _Fl28x_LeaveCmdMode
00000142   _Fl28x_EnterCmdMode
00000167   _Fl28x_FlashRegSleep
00000186   _Fl28x_OpenPulse
00000197   _Fl28x_ClosePulse
000001ae   _Fl28x_MaskAll
000001b9   _Flash2808_Program
00000262   _Fl28x_ProgVerify
0000029f   _Fl28x_ProgPulse
000002e1   _Fl28x_WatchDogDisable
000002e9   _Fl28x_DisableNMI
000002f5   _Flash2808_APIVersion
000002fa   _Flash2808_APIVersionHex
000002fd   _Fl2808_ClearSector
00000300   __STACK_SIZE
00000330   _Fl2808_CompactSector
00000384   _Fl28x_Delay
00000391   _Fl28x_DisableInt
00000395   _Fl28x_RestoreInt
00000398   _Fl28x_EraseVerify
000003e0   _Fl28x_ErasePulse
00000432   _Fl28x_ClearLoop
00000473   _Fl28x_CompactVerify
000004ad   _Fl28x_CompactPulse
000004f0   _RamfuncsRunStart
000004f0   _DSP28x_usDelay
000004f4   _InitFlash
00000880   _DevEmuRegs
00000a80   _FlashRegs
00000ae0   _CsmRegs
00000b00   _AdcMirror
00000c00   _CpuTimer0Regs
00000c08   _CpuTimer1Regs
00000c10   _CpuTimer2Regs
00000ce0   _PieCtrlRegs
00000d00   _PieVectTable
00006000   _ECanaRegs
00006040   _ECanaLAMRegs
00006080   _ECanaMOTSRegs
000060c0   _ECanaMOTORegs
00006100   _ECanaMboxes
00006200   _ECanbRegs
00006240   _ECanbLAMRegs
00006280   _ECanbMOTSRegs
000062c0   _ECanbMOTORegs
00006300   _ECanbMboxes
00006800   _EPwm1Regs
00006840   _EPwm2Regs
00006880   _EPwm3Regs
000068c0   _EPwm4Regs
00006900   _EPwm5Regs
00006940   _EPwm6Regs
00006a00   _ECap1Regs
00006a20   _ECap2Regs
00006a40   _ECap3Regs
00006a60   _ECap4Regs
00006b00   _EQep1Regs
00006b40   _EQep2Regs
00006f80   _GpioCtrlRegs
00006fc0   _GpioDataRegs
00006fe0   _GpioIntRegs
00007010   _SysCtrlRegs
00007040   _SpiaRegs
00007050   _SciaRegs
00007070   _XIntruptRegs
00007100   _AdcRegs
00007740   _SpibRegs
00007750   _ScibRegs
00007760   _SpicRegs
00007780   _SpidRegs
00007900   _I2caRegs
00008002   _UserPrgAddress
00008004   _ProgStatus
00008008   _FlashStatus
0000800c   _CpuTimer1
00008014   _CpuTimer0
0000801c   _Temp
00008040   _DownLoadingHex
000080ec   _Flash_CallbackPtr
000080ee   _Flash_CPUScaleFactor
000080f0   __unlock
000080f2   __lock
00008102   __dtors_ptr
00008104   __cleanup_ptr
003f4000   _c_int00
003f4000   ___text__
003f4000   .text
003f4044   _exit
003f406a   C$$EXIT
003f406c   _atexit
003f408d   _abort
003f408e   __nop
003f408f   __register_lock
003f4093   __register_unlock
003f4097   __args_main
003f40b0   _rsvd_ISR
003f40b6   _DisableDog
003f40be   _InitPll
003f40e2   _InitPeripheralClocks
003f40f9   _InitSysCtrl
003f4101   _InitGpio
003f4123   _MemCopy
003f4133   _InitPieCtrl
003f4152   _InitPieVectTable
003f4163   _ResetSystem
003f4170   _InitSci
003f4186   _SCIx_TxChar
003f418c   _SCIx_TxString
003f41a2   _TxPrintf
003f41b3   _InitFlashAPI2808
003f41dc   _VfdCtlRegInit
003f420d   _VfdInit
003f4223   _InitCpuTimers
003f424a   _ConfigCpuTimer
003f426f   _InitSystem
003f428a   _VfdDataLoad
003f42e8   _VFDPrintf
003f42f9   _UserProgramStart
003f4300   _PrintMenu
003f4330   _SCIx_RxChar
003f4336   _DeleteSecletFlash
003f4385   _DeleteAllFlash
003f4396   _InitUserHexDownVariable
003f439d   _UserFlashErase_DownloadPrm
003f43da   _main
003f4505   _XINT2_ISR
003f450b   _XINT1_ISR
003f4511   _WAKEINT_ISR
003f4517   _USER9_ISR
003f451d   _USER8_ISR
003f4523   _USER7_ISR
003f4529   _USER6_ISR
003f452f   _USER5_ISR
003f4535   _USER4_ISR
003f453b   _USER3_ISR
003f4541   _USER2_ISR
003f4547   _USER1_ISR
003f454d   _USER12_ISR
003f4553   _USER11_ISR
003f4559   _USER10_ISR
003f455f   _TINT0_ISR
003f45c9   _ServiceDog
003f45d3   _SPITXINTD_ISR
003f45d9   _SPITXINTC_ISR
003f45df   _SPITXINTB_ISR
003f45e5   _SPITXINTA_ISR
003f45eb   _SPIRXINTD_ISR
003f45f1   _SPIRXINTC_ISR
003f45f7   _SPIRXINTB_ISR
003f45fd   _SPIRXINTA_ISR
003f4603   _SEQ2INT_ISR
003f4609   _SEQ1INT_ISR
003f460f   _SCITXINTB_ISR
003f4615   _SCITXINTA_ISR
003f461b   _SCIRXINTB_ISR
003f4621   _SCIRXINTA_ISR
003f4627   _ResetVariable
003f4628   _RTOSINT_ISR
003f462e   _PIE_RESERVED
003f4634   _NMI_ISR
003f463a   _INT14_ISR
003f4640   _INT13_ISR
003f4646   _ILLEGAL_ISR
003f464c   _I2CINT2A_ISR
003f4652   _I2CINT1A_ISR
003f4658   _EnableInterrupts
003f4661   _EQEP2_INT_ISR
003f4667   _EQEP1_INT_ISR
003f466d   _EPWM6_TZINT_ISR
003f4673   _EPWM6_INT_ISR
003f4679   _EPWM5_TZINT_ISR
003f467f   _EPWM5_INT_ISR
003f4685   _EPWM4_TZINT_ISR
003f468b   _EPWM4_INT_ISR
003f4691   _EPWM3_TZINT_ISR
003f4697   _EPWM3_INT_ISR
003f469d   _EPWM2_TZINT_ISR
003f46a3   _EPWM2_INT_ISR
003f46a9   _EPWM1_TZINT_ISR
003f46af   _EPWM1_INT_ISR
003f46b5   _EMUINT_ISR
003f46bb   _EMPTY_ISR
003f46c0   _ECAP4_INT_ISR
003f46c6   _ECAP3_INT_ISR
003f46cc   _ECAP2_INT_ISR
003f46d2   _ECAP1_INT_ISR
003f46d8   _ECAN1INTB_ISR
003f46de   _ECAN1INTA_ISR
003f46e4   _ECAN0INTB_ISR
003f46ea   _ECAN0INTA_ISR
003f46f0   _DATALOG_ISR
003f46f6   _ADCINT_ISR
003f46fc   FS$$CMP
003f4713   FS$$MPY
003f476d   FS$$TOL
003f4796   _memset
003f479f   _vsprintf
003f47cf   __printfi
003f4f44   _atoi
003f4f81   _ecvt
003f506d   _fcvt
003f5159   FD$$CMP
003f5183   FD$$DIV
003f520e   FD$$MPY
003f5291   FD$$NEG
003f529a   FD$$SUB
003f52a8   FD$$TOI
003f52c9   FD$$TOL
003f52e8   FS$$TOFD
003f5304   L$$TOFD
003f5320   LL$$CMP
003f5332   ULL$$CMP
003f533e   LL$$DIV
003f537a   LL$$MOD
003f53b4   ULL$$DIV
003f53e3   ULL$$MOD
003f5445   LL$$MPY
003f5459   _ltoa
003f5485   _memccpy
003f5492   _memcpy
003f5495   ___memcpy
003f549f   ___memcpy_nf
003f54a9   ___memcpy_fn
003f54b3   ___memcpy_ff
003f54d3   _minit
003f5501   _malloc
003f5562   _free
003f55ac   _realloc
003f5662   _calloc
003f567c   _chkheap
003f567e   _free_memory
003f569c   _max_free
003f56be   _strcpy
003f56c7   _strlen
003f56d1   _strncpy
003f56ea   FD$$ADD
003f5786   L$$DIV
003f5795   L$$MOD
003f57a3   UL$$DIV
003f57aa   UL$$MOD
003f57b0   _PieVectTableInit
003f57b0   etext
003f57b0   ___etext__
003f5c0e   __ctypes_
003f5d10   _Flash28_API_LoadStart
003f6200   _FontData
003f6200   _Flash28_API_LoadEnd
003f6480   _RamfuncsLoadStart1
003f6583   _RamfuncsLoadEnd1
003f6583   cinit
003f6583   ___cinit__
003f65b7   _RamfuncsLoadStart
003f65da   _RamfuncsLoadEnd
003f7ff6   code_start
003f7ff8   _CsmPwl
003fa300   _RamfuncsRunStart1
003fa300   _HEXDOWN_AsciiToHex
003fa31d   _HEXDOWN_AsciiConvert
003fa35f   _UserPrmHexFileDownLoading
003fa403   __sys_memory
ffffffff   ___binit__
ffffffff   pinit
ffffffff   ___c_args__
ffffffff   binit
ffffffff   ___pinit__

[278 symbols]
